**********************************************************
* SHARC -- Surface Hopping including ARbitrary Couplings *
*        Ab initio non-adiabatic dynamics program        *
**********************************************************

Version: 4.0 (April 1, 2025)


Authors: Sebastian Mai, Yinan Shu, Martin Richter,
Matthias Ruckenbauer,Markus Oppel, Philipp Marquetand,
Donald Truhlar, and Leticia González

Institute of Theoretical Chemistry, University of Vienna
Währinger Straße 17
1090 Vienna, Austria

Please cite the following:

* M. Richter, P. Marquetand, J. González-Vázquez,
  I. Sola and L. González:
  J. Chem. Theory Comput., 7, 1253--1258 (2011).

* S. Mai, M. Richter, M. Ruckenbauer,
  M. Oppel, P. Marquetand, and L. Gonzalez:
  "SHARC: Surface Hopping Including Arbitrary Couplings --
  Program Package for Non-Adiabatic Dynamics" (2014),
  sharc-md.org

Please report bugs and feature suggestions to:
sharc@univie.ac.at
philipp.marquetand@univie.ac.at

Copyright (c) 2023, University of Vienna

Permission is hereby granted, free of charge, to any person obtaining a copy
of this software and associated documentation files (the "Software"), to deal
in the Software without restriction, including without limitation the rights
to use, copy, modify, merge, publish, distribute, sublicense, and/or sell
copies of the Software, and to permit persons to whom the Software is
furnished to do so, subject to the following conditions:

The above copyright notice and this permission notice shall be included in
all copies or substantial portions of the Software.

The Software is provided "AS IS", without warranty of any kind, express or
implied, including but not limited to the warranties of merchantability,
fitness for a particular purpose and noninfringement. In no event shall the
authors or copyright holders be liable for any claim, damages or other
liability, whether in an action of contract, tort or otherwise, arising from,
out of or in connection with the software or the use or other dealings in
the Software.


BUILD INFORMATION:
Build date: Thu Aug  6 04:15:23 UTC 2026
Build host: <host>
Build directory: .software_cache/sharc/source/source
Compiler: .envs/kinetics-legacy/bin/x86_64-conda-linux-gnu-gfortran
