source /inspire/hdd/global_user/lifangyuan-253108110077/lifangyuan/benchmark/ResearchChemBench/.software_cache/gamess/2024-r2-p1/build/install.info
setenv GMS_VERSION 00
setenv GMS_PATH /inspire/hdd/global_user/lifangyuan-253108110077/lifangyuan/benchmark/ResearchChemBench/.software_cache/gamess/2024-r2-p1/source
setenv GMS_BUILD_DIR /inspire/hdd/global_user/lifangyuan-253108110077/lifangyuan/benchmark/ResearchChemBench/.software_cache/gamess/2024-r2-p1/build
setenv GMS_TARGET linux64
setenv GMS_HPC_SYSTEM_TARGET generic
setenv GMS_ARCH `uname -p`
uname -p
setenv GMS_FORTRAN gfortran
setenv GMS_GFORTRAN_VERNO 14.3
setenv GMS_MATHLIB openblas
setenv GMS_MATHLIB_PATH /inspire/hdd/global_user/lifangyuan-253108110077/lifangyuan/benchmark/ResearchChemBench/.tool_envs/gamess/lib
setenv GMS_MATHLIB_INCLUDE_PATH
setenv GMS_MKL_VERNO
setenv GMS_THREADED_BLAS false
setenv GMS_LAPACK_LINK_LINE
setenv GMS_DDI_COMM sockets
setenv GMS_LIBCCHEM false
setenv GMS_LIBCCHEM_GPU_SUPPORT
setenv GMS_LIBCCHEM_LIBS -ldl -lrt
setenv GMS_HDF5_PATH
setenv GMS_CUDA_BOARD
setenv GMS_CUDA_PATH
setenv GMS_EIGEN_PATH
setenv GMS_BOOST_PATH
setenv GMS_GA_PATH
setenv GMS_HPCCHEM false
setenv GMS_HPCCHEM_USE_DATA_SERVERS
setenv GMS_HPCCHEM_CUDA
setenv GMS_HPCCHEM_MAGMA
setenv GMS_HPCCHEM_PATH
setenv GMS_HPC_ROCM_PATH
setenv GMS_HPC_MAGMA_PATH
setenv GMS_HPC_CUDA_PATH
setenv GMS_PHI none
setenv GMS_SHMTYPE sysv
setenv GMS_OPENMP false
setenv GMS_OPENMP_OFFLOAD false
setenv GMS_USE_HIPFORT false
setenv USE_CUBLAS false
setenv USE_HIPBLAS false
setenv GMS_LIBXC false
setenv GMS_MDI false
setenv GMS_MSUAUTO false
setenv GMS_VM2 false
setenv TINKER false
setenv VB2000 false
setenv XMVB false
setenv NEO false
setenv NBO false
setenv RISM false
setenv GMS_FPE_FLAGS 
unset echo
basename: invalid option -- 'v'
Try 'basename --help' for more information.
readlink: missing operand
Try 'readlink --help' for more information.
dirname: missing operand
Try 'dirname --help' for more information.
Input file .inp does not exist.
This job expected the input file to be in directory /tmp/researchchem-all-native-smoke-final3-20260728-923240/outputs/execution_jobs/job_9e78fce67eca46bea8739fff41f1ce1f
Please fix your file name problem, and resubmit.
