 *** Warning: python-openbabel not found! ***
 Using emulation program with limited capabilities ...
 *** Warning: python-openbabel not found! ***
 Using emulation program with limited capabilities ...
 *** Orbkit installation not found. ***
 Install orbkit for extended plotting capabilities.

================================================================================
|                                 TheoDORE 2.4                                 |
|         Theoretical Density, Orbital Relaxation and Exciton analysis         |
|                                                                              |
|                            Author: Felix Plasser                             |
|             Contributions by: L. Stojanovic, G. Hermann, S. Mai,             |
|                          M.F.S.J. Menger, P. Kimber                          |
--------------------------------------------------------------------------------
|                       References for the modules used                        |
|        (see also http://theodore-qc.sourceforge.net/literature.html)         |
|                                                                              |
|   Program citation:                                                          |
|     F. Plasser, J. Chem. Phys. (2020), 152, 084108.                          |
================================================================================



  optional arguments:
  ---------------------------------------------------
    -h/--help            | show this help message and exit                   



usage: /inspire/hdd/global_user/lifangyuan-253108110077/lifangyuan/benchmark/ResearchChemBench/.tool_envs/theodore/bin/theodore [-h]  


Error: Cannot understand option --version
