                  _   _     _          ___
                 (_) | |   (_)        |__ \
     ___   _ __   _  | |_   _    ___     ) |
    / __| | '__| | | | __| | |  / __|   / /
   | (__  | |    | | | |_  | | | (__   / /_
    \___| |_|    |_|  \__| |_|  \___| |____|

* CRITIC2: analysis of real-space scalar fields in solids and molecules.
  (c) 1996-2019 A. Otero-de-la-Roza, A. Martin-Pendas, V. Lua~na
  Distributed under GNU GPL v.3 (see COPYING for details)
  Bugs, requests, and rants: aoterodelaroza@gmail.com
  Website: https://aoterodelaroza.github.io/critic2/
  If you find this software useful, please cite:
  A. Otero-de-la-Roza et al., Comput. Phys. Commun. 185 (2014) 1007-1018. (10.1016/j.cpc.2013.10.026)
  A. Otero-de-la-Roza et al., Comput. Phys. Commun. 180 (2009) 157-166. (10.1016/j.cpc.2008.07.018)

+ critic2 (development), version 1.2.1081
         host: Linux-5.15.0-119-generic
         date: Sat 18 Jul 2026 20:30:21
 compiled dat: .software_cache/critic2/install-conda/share/critic2
      datadir: .software_cache/critic2/install-conda/bin/../share/critic2
...was found?: T
       spglib: 2.7.0
     features: LAPACK(internal)
       openmp: yes (1 max threads)

CRITIC2--2026/8/6, 10:32:18.305

critic2:1>
CRITIC2 ended successfully (0 WARNINGS, 0 COMMENTS)

Elapsed wall time: 0s
Elapsed CPU time: 0s
CRITIC2--2026/8/6, 10:32:18.305
